Traceback (most recent call last):
  File "/opt/homebrew/Caskroom/miniforge/base/envs/DA4CHE/lib/python3.10/site-packages/jupyter_cache/executors/utils.py", line 58, in single_nb_execution
    executenb(
  File "/opt/homebrew/Caskroom/miniforge/base/envs/DA4CHE/lib/python3.10/site-packages/nbclient/client.py", line 1269, in execute
    return NotebookClient(nb=nb, resources=resources, km=km, **kwargs).execute()
  File "/opt/homebrew/Caskroom/miniforge/base/envs/DA4CHE/lib/python3.10/site-packages/nbclient/util.py", line 85, in wrapped
    return just_run(coro(*args, **kwargs))
  File "/opt/homebrew/Caskroom/miniforge/base/envs/DA4CHE/lib/python3.10/site-packages/nbclient/util.py", line 60, in just_run
    return loop.run_until_complete(coro)
  File "/opt/homebrew/Caskroom/miniforge/base/envs/DA4CHE/lib/python3.10/asyncio/base_events.py", line 649, in run_until_complete
    return future.result()
  File "/opt/homebrew/Caskroom/miniforge/base/envs/DA4CHE/lib/python3.10/site-packages/nbclient/client.py", line 707, in async_execute
    await self.async_execute_cell(
  File "/opt/homebrew/Caskroom/miniforge/base/envs/DA4CHE/lib/python3.10/site-packages/nbclient/client.py", line 1025, in async_execute_cell
    await self._check_raise_for_error(cell, cell_index, exec_reply)
  File "/opt/homebrew/Caskroom/miniforge/base/envs/DA4CHE/lib/python3.10/site-packages/nbclient/client.py", line 919, in _check_raise_for_error
    raise CellExecutionError.from_cell_and_msg(cell, exec_reply_content)
nbclient.exceptions.CellExecutionError: An error occurred while executing the following cell:
------------------
import io

url = 'https://pubchem.ncbi.nlm.nih.gov/rest/pug/compound/name/ethanol,acetone,benzene/property/MolecularWeight,MolecularFormula,CanonicalSMILES/CSV'
r = requests.get(url)
r.raise_for_status()
df = pd.read_csv(io.StringIO(r.text))
print(df)
------------------

[0;31m---------------------------------------------------------------------------[0m
[0;31mHTTPError[0m                                 Traceback (most recent call last)
Cell [0;32mIn[9], line 5[0m
[1;32m      3[0m url [38;5;241m=[39m [38;5;124m'[39m[38;5;124mhttps://pubchem.ncbi.nlm.nih.gov/rest/pug/compound/name/ethanol,acetone,benzene/property/MolecularWeight,MolecularFormula,CanonicalSMILES/CSV[39m[38;5;124m'[39m
[1;32m      4[0m r [38;5;241m=[39m requests[38;5;241m.[39mget(url)
[0;32m----> 5[0m [43mr[49m[38;5;241;43m.[39;49m[43mraise_for_status[49m[43m([49m[43m)[49m
[1;32m      6[0m df [38;5;241m=[39m pd[38;5;241m.[39mread_csv(io[38;5;241m.[39mStringIO(r[38;5;241m.[39mtext))
[1;32m      7[0m [38;5;28mprint[39m(df)

File [0;32m/opt/homebrew/Caskroom/miniforge/base/envs/DA4CHE/lib/python3.10/site-packages/requests/models.py:1026[0m, in [0;36mResponse.raise_for_status[0;34m(self)[0m
[1;32m   1021[0m     http_error_msg [38;5;241m=[39m (
[1;32m   1022[0m         [38;5;124mf[39m[38;5;124m"[39m[38;5;132;01m{[39;00m[38;5;28mself[39m[38;5;241m.[39mstatus_code[38;5;132;01m}[39;00m[38;5;124m Server Error: [39m[38;5;132;01m{[39;00mreason[38;5;132;01m}[39;00m[38;5;124m for url: [39m[38;5;132;01m{[39;00m[38;5;28mself[39m[38;5;241m.[39murl[38;5;132;01m}[39;00m[38;5;124m"[39m
[1;32m   1023[0m     )
[1;32m   1025[0m [38;5;28;01mif[39;00m http_error_msg:
[0;32m-> 1026[0m     [38;5;28;01mraise[39;00m HTTPError(http_error_msg, response[38;5;241m=[39m[38;5;28mself[39m)

[0;31mHTTPError[0m: 404 Client Error: PUGREST.NotFound for url: https://pubchem.ncbi.nlm.nih.gov/rest/pug/compound/name/ethanol,acetone,benzene/property/MolecularWeight,MolecularFormula,CanonicalSMILES/CSV
HTTPError: 404 Client Error: PUGREST.NotFound for url: https://pubchem.ncbi.nlm.nih.gov/rest/pug/compound/name/ethanol,acetone,benzene/property/MolecularWeight,MolecularFormula,CanonicalSMILES/CSV

