Traceback (most recent call last):
  File "/opt/homebrew/Caskroom/miniforge/base/envs/DA4CHE/lib/python3.10/site-packages/jupyter_cache/executors/utils.py", line 58, in single_nb_execution
    executenb(
  File "/opt/homebrew/Caskroom/miniforge/base/envs/DA4CHE/lib/python3.10/site-packages/nbclient/client.py", line 1269, in execute
    return NotebookClient(nb=nb, resources=resources, km=km, **kwargs).execute()
  File "/opt/homebrew/Caskroom/miniforge/base/envs/DA4CHE/lib/python3.10/site-packages/nbclient/util.py", line 85, in wrapped
    return just_run(coro(*args, **kwargs))
  File "/opt/homebrew/Caskroom/miniforge/base/envs/DA4CHE/lib/python3.10/site-packages/nbclient/util.py", line 60, in just_run
    return loop.run_until_complete(coro)
  File "/opt/homebrew/Caskroom/miniforge/base/envs/DA4CHE/lib/python3.10/asyncio/base_events.py", line 649, in run_until_complete
    return future.result()
  File "/opt/homebrew/Caskroom/miniforge/base/envs/DA4CHE/lib/python3.10/site-packages/nbclient/client.py", line 707, in async_execute
    await self.async_execute_cell(
  File "/opt/homebrew/Caskroom/miniforge/base/envs/DA4CHE/lib/python3.10/site-packages/nbclient/client.py", line 1025, in async_execute_cell
    await self._check_raise_for_error(cell, cell_index, exec_reply)
  File "/opt/homebrew/Caskroom/miniforge/base/envs/DA4CHE/lib/python3.10/site-packages/nbclient/client.py", line 919, in _check_raise_for_error
    raise CellExecutionError.from_cell_and_msg(cell, exec_reply_content)
nbclient.exceptions.CellExecutionError: An error occurred while executing the following cell:
------------------
%matplotlib inline
import matplotlib.pyplot as plt

T, Cp = nist_gas_cp("methane")
plt.plot(T, Cp, "o-")
plt.xlabel("Temperature (K)")
plt.ylabel(r"$C_p$ (J/mol·K)")
plt.title("Gas-phase heat capacity of methane (NIST WebBook)")
plt.show()
------------------

[0;31m---------------------------------------------------------------------------[0m
[0;31mHTTPError[0m                                 Traceback (most recent call last)
Cell [0;32mIn[5], line 4[0m
[1;32m      1[0m get_ipython()[38;5;241m.[39mrun_line_magic([38;5;124m'[39m[38;5;124mmatplotlib[39m[38;5;124m'[39m, [38;5;124m'[39m[38;5;124minline[39m[38;5;124m'[39m)
[1;32m      2[0m [38;5;28;01mimport[39;00m[38;5;250m [39m[38;5;21;01mmatplotlib[39;00m[38;5;21;01m.[39;00m[38;5;21;01mpyplot[39;00m[38;5;250m [39m[38;5;28;01mas[39;00m[38;5;250m [39m[38;5;21;01mplt[39;00m
[0;32m----> 4[0m T, Cp [38;5;241m=[39m [43mnist_gas_cp[49m[43m([49m[38;5;124;43m"[39;49m[38;5;124;43mmethane[39;49m[38;5;124;43m"[39;49m[43m)[49m
[1;32m      5[0m plt[38;5;241m.[39mplot(T, Cp, [38;5;124m"[39m[38;5;124mo-[39m[38;5;124m"[39m)
[1;32m      6[0m plt[38;5;241m.[39mxlabel([38;5;124m"[39m[38;5;124mTemperature (K)[39m[38;5;124m"[39m)

Cell [0;32mIn[4], line 18[0m, in [0;36mnist_gas_cp[0;34m(name)[0m
[1;32m     13[0m [38;5;28;01mdef[39;00m[38;5;250m [39m[38;5;21mnist_gas_cp[39m(name):
[1;32m     14[0m     [38;5;66;03m# Step 1: resolve the compound name to a NIST ID (a "C" number). The species page[39;00m
[1;32m     15[0m     [38;5;66;03m# cites other compounds too, so we take the ID that appears most often — the page's[39;00m
[1;32m     16[0m     [38;5;66;03m# own compound dominates.[39;00m
[1;32m     17[0m     search [38;5;241m=[39m requests[38;5;241m.[39mget(NIST, params[38;5;241m=[39m{[38;5;124m"[39m[38;5;124mName[39m[38;5;124m"[39m: name, [38;5;124m"[39m[38;5;124mUnits[39m[38;5;124m"[39m: [38;5;124m"[39m[38;5;124mSI[39m[38;5;124m"[39m})
[0;32m---> 18[0m     [43msearch[49m[38;5;241;43m.[39;49m[43mraise_for_status[49m[43m([49m[43m)[49m
[1;32m     19[0m     ids [38;5;241m=[39m re[38;5;241m.[39mfindall([38;5;124mr[39m[38;5;124m"[39m[38;5;124mID=(C[39m[38;5;124m\[39m[38;5;124md+)[39m[38;5;124m"[39m, search[38;5;241m.[39mtext)
[1;32m     20[0m     [38;5;28;01mif[39;00m [38;5;129;01mnot[39;00m ids:

File [0;32m/opt/homebrew/Caskroom/miniforge/base/envs/DA4CHE/lib/python3.10/site-packages/requests/models.py:1026[0m, in [0;36mResponse.raise_for_status[0;34m(self)[0m
[1;32m   1021[0m     http_error_msg [38;5;241m=[39m (
[1;32m   1022[0m         [38;5;124mf[39m[38;5;124m"[39m[38;5;132;01m{[39;00m[38;5;28mself[39m[38;5;241m.[39mstatus_code[38;5;132;01m}[39;00m[38;5;124m Server Error: [39m[38;5;132;01m{[39;00mreason[38;5;132;01m}[39;00m[38;5;124m for url: [39m[38;5;132;01m{[39;00m[38;5;28mself[39m[38;5;241m.[39murl[38;5;132;01m}[39;00m[38;5;124m"[39m
[1;32m   1023[0m     )
[1;32m   1025[0m [38;5;28;01mif[39;00m http_error_msg:
[0;32m-> 1026[0m     [38;5;28;01mraise[39;00m HTTPError(http_error_msg, response[38;5;241m=[39m[38;5;28mself[39m)

[0;31mHTTPError[0m: 504 Server Error: Gateway Timeout for url: https://webbook.nist.gov/cgi/cbook.cgi?Name=methane&Units=SI
HTTPError: 504 Server Error: Gateway Timeout for url: https://webbook.nist.gov/cgi/cbook.cgi?Name=methane&Units=SI

